// Jest Snapshot v1, https://goo.gl/fbAQLP

exports[`About deve ser visível 1`] = `
ShallowWrapper {
  Symbol(enzyme.__root__): [Circular],
  Symbol(enzyme.__unrendered__): <About />,
  Symbol(enzyme.__renderer__): Object {
    "batchedUpdates": [Function],
    "getNode": [Function],
    "render": [Function],
    "simulateError": [Function],
    "simulateEvent": [Function],
    "unmount": [Function],
  },
  Symbol(enzyme.__node__): Object {
    "instance": null,
    "key": undefined,
    "nodeType": "host",
    "props": Object {
      "children": Array [
        <h1>
          Aplicação massa
        </h1>,
        <button
          onClick={[Function]}
        >
          Altera título
        </button>,
        <p>
          Lorem ipsum dolor sit amet, consectetur adipiscing elit. Praesent eu leo dui, vitae tincidunt tellus. Donec quam quam, pretium ut posuere sed, interdum in nisl. Nullam pulvinar fermentum nunc, a euismod leo malesuada et. Nunc fermentum diam tempor nisi condimentum auctor. Curabitur accumsan elit vitae nisi tristique in tempus dolor accumsan. Sed tincidunt rutrum pharetra. Donec faucibus, arcu eu auctor egestas, ligula sem congue ante, at dapibus diam sapien sollicitudin neque. Nullam non sapien rutrum eros tempor aliquam. Nulla molestie congue odio id aliquam. Nam eget velit at nisl dignissim luctus. Etiam iaculis ipsum id eros auctor ut interdum sapien viverra.
        </p>,
      ],
    },
    "ref": null,
    "rendered": Array [
      Object {
        "instance": null,
        "key": undefined,
        "nodeType": "host",
        "props": Object {
          "children": "Aplicação massa",
        },
        "ref": null,
        "rendered": "Aplicação massa",
        "type": "h1",
      },
      Object {
        "instance": null,
        "key": undefined,
        "nodeType": "host",
        "props": Object {
          "children": "Altera título",
          "onClick": [Function],
        },
        "ref": null,
        "rendered": "Altera título",
        "type": "button",
      },
      Object {
        "instance": null,
        "key": undefined,
        "nodeType": "host",
        "props": Object {
          "children": "Lorem ipsum dolor sit amet, consectetur adipiscing elit. Praesent eu leo dui, vitae tincidunt tellus. Donec quam quam, pretium ut posuere sed, interdum in nisl. Nullam pulvinar fermentum nunc, a euismod leo malesuada et. Nunc fermentum diam tempor nisi condimentum auctor. Curabitur accumsan elit vitae nisi tristique in tempus dolor accumsan. Sed tincidunt rutrum pharetra. Donec faucibus, arcu eu auctor egestas, ligula sem congue ante, at dapibus diam sapien sollicitudin neque. Nullam non sapien rutrum eros tempor aliquam. Nulla molestie congue odio id aliquam. Nam eget velit at nisl dignissim luctus. Etiam iaculis ipsum id eros auctor ut interdum sapien viverra.",
        },
        "ref": null,
        "rendered": "Lorem ipsum dolor sit amet, consectetur adipiscing elit. Praesent eu leo dui, vitae tincidunt tellus. Donec quam quam, pretium ut posuere sed, interdum in nisl. Nullam pulvinar fermentum nunc, a euismod leo malesuada et. Nunc fermentum diam tempor nisi condimentum auctor. Curabitur accumsan elit vitae nisi tristique in tempus dolor accumsan. Sed tincidunt rutrum pharetra. Donec faucibus, arcu eu auctor egestas, ligula sem congue ante, at dapibus diam sapien sollicitudin neque. Nullam non sapien rutrum eros tempor aliquam. Nulla molestie congue odio id aliquam. Nam eget velit at nisl dignissim luctus. Etiam iaculis ipsum id eros auctor ut interdum sapien viverra.",
        "type": "p",
      },
    ],
    "type": "main",
  },
  Symbol(enzyme.__nodes__): Array [
    Object {
      "instance": null,
      "key": undefined,
      "nodeType": "host",
      "props": Object {
        "children": Array [
          <h1>
            Aplicação massa
          </h1>,
          <button
            onClick={[Function]}
          >
            Altera título
          </button>,
          <p>
            Lorem ipsum dolor sit amet, consectetur adipiscing elit. Praesent eu leo dui, vitae tincidunt tellus. Donec quam quam, pretium ut posuere sed, interdum in nisl. Nullam pulvinar fermentum nunc, a euismod leo malesuada et. Nunc fermentum diam tempor nisi condimentum auctor. Curabitur accumsan elit vitae nisi tristique in tempus dolor accumsan. Sed tincidunt rutrum pharetra. Donec faucibus, arcu eu auctor egestas, ligula sem congue ante, at dapibus diam sapien sollicitudin neque. Nullam non sapien rutrum eros tempor aliquam. Nulla molestie congue odio id aliquam. Nam eget velit at nisl dignissim luctus. Etiam iaculis ipsum id eros auctor ut interdum sapien viverra.
          </p>,
        ],
      },
      "ref": null,
      "rendered": Array [
        Object {
          "instance": null,
          "key": undefined,
          "nodeType": "host",
          "props": Object {
            "children": "Aplicação massa",
          },
          "ref": null,
          "rendered": "Aplicação massa",
          "type": "h1",
        },
        Object {
          "instance": null,
          "key": undefined,
          "nodeType": "host",
          "props": Object {
            "children": "Altera título",
            "onClick": [Function],
          },
          "ref": null,
          "rendered": "Altera título",
          "type": "button",
        },
        Object {
          "instance": null,
          "key": undefined,
          "nodeType": "host",
          "props": Object {
            "children": "Lorem ipsum dolor sit amet, consectetur adipiscing elit. Praesent eu leo dui, vitae tincidunt tellus. Donec quam quam, pretium ut posuere sed, interdum in nisl. Nullam pulvinar fermentum nunc, a euismod leo malesuada et. Nunc fermentum diam tempor nisi condimentum auctor. Curabitur accumsan elit vitae nisi tristique in tempus dolor accumsan. Sed tincidunt rutrum pharetra. Donec faucibus, arcu eu auctor egestas, ligula sem congue ante, at dapibus diam sapien sollicitudin neque. Nullam non sapien rutrum eros tempor aliquam. Nulla molestie congue odio id aliquam. Nam eget velit at nisl dignissim luctus. Etiam iaculis ipsum id eros auctor ut interdum sapien viverra.",
          },
          "ref": null,
          "rendered": "Lorem ipsum dolor sit amet, consectetur adipiscing elit. Praesent eu leo dui, vitae tincidunt tellus. Donec quam quam, pretium ut posuere sed, interdum in nisl. Nullam pulvinar fermentum nunc, a euismod leo malesuada et. Nunc fermentum diam tempor nisi condimentum auctor. Curabitur accumsan elit vitae nisi tristique in tempus dolor accumsan. Sed tincidunt rutrum pharetra. Donec faucibus, arcu eu auctor egestas, ligula sem congue ante, at dapibus diam sapien sollicitudin neque. Nullam non sapien rutrum eros tempor aliquam. Nulla molestie congue odio id aliquam. Nam eget velit at nisl dignissim luctus. Etiam iaculis ipsum id eros auctor ut interdum sapien viverra.",
          "type": "p",
        },
      ],
      "type": "main",
    },
  ],
  Symbol(enzyme.__options__): Object {
    "adapter": ReactSixteenAdapter {
      "options": Object {
        "enableComponentDidUpdateOnSetState": true,
        "lifecycles": Object {
          "componentDidUpdate": Object {
            "onSetState": true,
          },
          "getDerivedStateFromProps": true,
          "getSnapshotBeforeUpdate": true,
          "setState": Object {
            "skipsComponentDidUpdateOnNullish": true,
          },
        },
      },
    },
  },
}
`;
